// Vitest Snapshot v1, https://vitest.dev/guide/snapshot.html

exports[`PlayerProfileInfo > should match the snapshot 1`] = `
<DocumentFragment>
  <div
    class="MuiPaper-root MuiPaper-elevation MuiPaper-rounded MuiPaper-elevation1 MuiCard-root css-1b5bqtm-MuiPaper-root-MuiCard-root"
    data-testid="player-profile-info"
    style="--Paper-shadow: 0px 2px 1px -1px rgba(0,0,0,0.2),0px 1px 1px 0px rgba(0,0,0,0.14),0px 1px 3px 0px rgba(0,0,0,0.12);"
  >
    <div
      class="MuiGrid2-root MuiGrid2-container MuiGrid2-direction-xs-row MuiGrid2-spacing-xs-2 css-11fq522-MuiGrid2-root"
    >
      <div
        class="MuiGrid2-root MuiGrid2-direction-xs-row MuiGrid2-grid-xs-12 MuiGrid2-grid-md-4 css-1bvnjma-MuiGrid2-root"
      >
        <img
          alt="Portrait of Kim Young-Gwon"
          class="css-1sws5au"
          src="https://media.api-sports.io/football/players/2898.png"
        />
        <h4
          class="MuiTypography-root MuiTypography-h4 css-q3gesp-MuiTypography-root"
        >
          Kim Young-Gwon
        </h4>
        <p
          class="MuiTypography-root MuiTypography-body1 css-1jcjesy-MuiTypography-root"
        >
          Ulsan Hyundai FC
        </p>
        <img
          alt="Logo of Ulsan Hyundai FC"
          src="https://media.api-sports.io/football/teams/2767.png"
          style="width: 2.5rem; height: 2.5rem;"
        />
      </div>
      <div
        class="MuiGrid2-root MuiGrid2-container MuiGrid2-direction-xs-row MuiGrid2-grid-xs-12 MuiGrid2-grid-md-8 MuiGrid2-spacing-xs-2 css-1r50rh8-MuiGrid2-root"
      >
        <div
          class="MuiGrid2-root MuiGrid2-direction-xs-row MuiGrid2-grid-xs-6 css-ticvdu-MuiGrid2-root"
        >
          <p
            class="MuiTypography-root MuiTypography-body1 css-sdsfyc-MuiTypography-root"
            text="Defender"
            title="Position"
          >
            <b>
              Position:
            </b>
             Defender
          </p>
        </div>
        <div
          class="MuiGrid2-root MuiGrid2-direction-xs-row MuiGrid2-grid-xs-6 css-ticvdu-MuiGrid2-root"
        >
          <p
            class="MuiTypography-root MuiTypography-body1 css-sdsfyc-MuiTypography-root"
            text="34"
            title="Age"
          >
            <b>
              Age:
            </b>
             34
          </p>
        </div>
        <div
          class="MuiGrid2-root MuiGrid2-direction-xs-row MuiGrid2-grid-xs-6 css-skmjaf-MuiGrid2-root"
        >
          <p
            class="MuiTypography-root MuiTypography-body1 css-sdsfyc-MuiTypography-root"
            text="Korea Republic"
            title="Nationality"
          >
            <b>
              Nationality:
            </b>
             Korea Republic
          </p>
          <img
            alt="Flag of Korea Republic"
            src="https://media.api-sports.io/flags/kr.svg"
            style="width: 1.25rem; height: 1.25rem; margin-left: 0.5rem;"
          />
        </div>
        <div
          class="MuiGrid2-root MuiGrid2-direction-xs-row MuiGrid2-grid-xs-6 css-ticvdu-MuiGrid2-root"
        >
          <p
            class="MuiTypography-root MuiTypography-body1 css-sdsfyc-MuiTypography-root"
            text="186 cm"
            title="Height"
          >
            <b>
              Height:
            </b>
             186 cm
          </p>
        </div>
        <div
          class="MuiGrid2-root MuiGrid2-direction-xs-row MuiGrid2-grid-xs-6 css-ticvdu-MuiGrid2-root"
        >
          <p
            class="MuiTypography-root MuiTypography-body1 css-sdsfyc-MuiTypography-root"
            text="Jeonju, Korea Republic"
            title="Place"
          >
            <b>
              Place:
            </b>
             Jeonju, Korea Republic
          </p>
        </div>
        <div
          class="MuiGrid2-root MuiGrid2-direction-xs-row MuiGrid2-grid-xs-6 css-ticvdu-MuiGrid2-root"
        >
          <p
            class="MuiTypography-root MuiTypography-body1 css-sdsfyc-MuiTypography-root"
            text="1990-02-27"
            title="Birth Date"
          >
            <b>
              Birth Date:
            </b>
             1990-02-27
          </p>
        </div>
        <div
          class="MuiGrid2-root MuiGrid2-direction-xs-row MuiGrid2-grid-xs-6 css-ticvdu-MuiGrid2-root"
        >
          <p
            class="MuiTypography-root MuiTypography-body1 css-sdsfyc-MuiTypography-root"
            text="74 kg"
            title="Weight"
          >
            <b>
              Weight:
            </b>
             74 kg
          </p>
        </div>
      </div>
    </div>
  </div>
</DocumentFragment>
`;
