// Vitest Snapshot v1, https://vitest.dev/guide/snapshot.html

exports[`PlayerProfileInfo > should match the snapshot 1`] = `
<DocumentFragment>
  <div
    class=MuiPaper-root MuiPaper-elevation MuiPaper-rounded MuiPaper-elevation1 MuiCard-root css-dynamic-MuiPaper-root-MuiCard-root
    data-testid="player-profile-info"
    style="--Paper-shadow: 0px 2px 1px -1px rgba(0,0,0,0.2),0px 1px 1px 0px rgba(0,0,0,0.14),0px 1px 3px 0px rgba(0,0,0,0.12);"
  >
    <div
      class=MuiGrid2-root MuiGrid2-container MuiGrid2-direction-xs-row MuiGrid2-spacing-xs-2 css-dynamic-MuiGrid2-root
    >
      <div
        class=MuiGrid2-root MuiGrid2-direction-xs-row MuiGrid2-grid-xs-12 css-dynamic-MuiGrid2-root
      >
        <img
          alt="Portrait of Kim Young-Gwon"
          class="css-1sws5au"
          src="https://media.api-sports.io/football/players/2898.png"
        />
      </div>
      <div
        class=MuiGrid2-root MuiGrid2-direction-xs-row MuiGrid2-grid-xs-12 css-dynamic-MuiGrid2-root
      >
        <h4
          class=MuiTypography-root MuiTypography-h4 css-dynamic-MuiTypography-root
        >
          Kim Young-Gwon
        </h4>
      </div>
      <div
        class=MuiGrid2-root MuiGrid2-direction-xs-row MuiGrid2-grid-xs-6 MuiGrid2-grid-md-6 css-dynamic-MuiGrid2-root
      >
        <div
          class="MuiBox-root css-wkpw2c"
        >
          <p
            class=MuiTypography-root MuiTypography-body1 css-dynamic-MuiTypography-root
          >
            Ulsan Hyundai FC
          </p>
          <p
            class=MuiTypography-root MuiTypography-body1 css-dynamic-MuiTypography-root
          >
            Current club
          </p>
        </div>
      </div>
      <div
        class=MuiGrid2-root MuiGrid2-direction-xs-row MuiGrid2-grid-xs-6 MuiGrid2-grid-md-6 css-dynamic-MuiGrid2-root
      >
        <div
          class="MuiBox-root css-wkpw2c"
        >
          <p
            class=MuiTypography-root MuiTypography-body1 css-dynamic-MuiTypography-root
          >
            Defender
          </p>
          <p
            class=MuiTypography-root MuiTypography-body1 css-dynamic-MuiTypography-root
          >
            Position
          </p>
        </div>
      </div>
      <div
        class=MuiGrid2-root MuiGrid2-direction-xs-row MuiGrid2-grid-xs-6 MuiGrid2-grid-md-6 css-dynamic-MuiGrid2-root
      >
        <div
          class="MuiBox-root css-wkpw2c"
        >
          <p
            class=MuiTypography-root MuiTypography-body1 css-dynamic-MuiTypography-root
          >
            Korea Republic
          </p>
          <p
            class=MuiTypography-root MuiTypography-body1 css-dynamic-MuiTypography-root
          >
            Nationality
          </p>
        </div>
      </div>
      <div
        class=MuiGrid2-root MuiGrid2-direction-xs-row MuiGrid2-grid-xs-6 MuiGrid2-grid-md-6 css-dynamic-MuiGrid2-root
      >
        <div
          class="MuiBox-root css-wkpw2c"
        >
          <p
            class=MuiTypography-root MuiTypography-body1 css-dynamic-MuiTypography-root
          >
            Jeonju, Korea Republic
          </p>
          <p
            class=MuiTypography-root MuiTypography-body1 css-dynamic-MuiTypography-root
          >
            Birth place
          </p>
        </div>
      </div>
      <div
        class=MuiGrid2-root MuiGrid2-direction-xs-row MuiGrid2-grid-xs-6 MuiGrid2-grid-md-6 css-dynamic-MuiGrid2-root
      >
        <div
          class="MuiBox-root css-wkpw2c"
        >
          <p
            class=MuiTypography-root MuiTypography-body1 css-dynamic-MuiTypography-root
          >
            1990-02-27
          </p>
          <p
            class=MuiTypography-root MuiTypography-body1 css-dynamic-MuiTypography-root
          >
            Date of birth
          </p>
        </div>
      </div>
      <div
        class=MuiGrid2-root MuiGrid2-direction-xs-row MuiGrid2-grid-xs-6 MuiGrid2-grid-md-6 css-dynamic-MuiGrid2-root
      >
        <div
          class="MuiBox-root css-wkpw2c"
        >
          <p
            class=MuiTypography-root MuiTypography-body1 css-dynamic-MuiTypography-root
          >
            34 years
          </p>
          <p
            class=MuiTypography-root MuiTypography-body1 css-dynamic-MuiTypography-root
          >
            Age
          </p>
        </div>
      </div>
      <div
        class=MuiGrid2-root MuiGrid2-direction-xs-row MuiGrid2-grid-xs-6 MuiGrid2-grid-md-6 css-dynamic-MuiGrid2-root
      >
        <div
          class="MuiBox-root css-wkpw2c"
        >
          <p
            class=MuiTypography-root MuiTypography-body1 css-dynamic-MuiTypography-root
          >
            186 cm
          </p>
          <p
            class=MuiTypography-root MuiTypography-body1 css-dynamic-MuiTypography-root
          >
            Height
          </p>
        </div>
      </div>
      <div
        class=MuiGrid2-root MuiGrid2-direction-xs-row MuiGrid2-grid-xs-6 MuiGrid2-grid-md-6 css-dynamic-MuiGrid2-root
      >
        <div
          class="MuiBox-root css-wkpw2c"
        >
          <p
            class=MuiTypography-root MuiTypography-body1 css-dynamic-MuiTypography-root
          >
            74 kg
          </p>
          <p
            class=MuiTypography-root MuiTypography-body1 css-dynamic-MuiTypography-root
          >
            Weight
          </p>
        </div>
      </div>
    </div>
  </div>
</DocumentFragment>
`;
