// Vitest Snapshot v1, https://vitest.dev/guide/snapshot.html

exports[`Navbar > should match Navbar snapshot 1`] = `
<DocumentFragment>
  <header
    class="MuiPaper-root MuiPaper-elevation MuiPaper-elevation4 MuiAppBar-root MuiAppBar-colorPrimary MuiAppBar-positionStatic css-1uphetq-MuiPaper-root-MuiAppBar-root"
    style="--Paper-shadow: 0px 2px 4px -1px rgba(0,0,0,0.2),0px 4px 5px 0px rgba(0,0,0,0.14),0px 1px 10px 0px rgba(0,0,0,0.12);"
  >
    <div
      class="MuiToolbar-root MuiToolbar-gutters MuiToolbar-regular css-1bfkwbn-MuiToolbar-root"
    >
      <a
        class="MuiButtonBase-root MuiButton-root MuiButton-text MuiButton-textPrimary MuiButton-sizeMedium MuiButton-textSizeMedium MuiButton-colorPrimary MuiButton-root MuiButton-text MuiButton-textPrimary MuiButton-sizeMedium MuiButton-textSizeMedium MuiButton-colorPrimary css-fdexxj-MuiButtonBase-root-MuiButton-root"
        href="/"
        tabindex="0"
      >
         
        <img
          alt="Logo"
          class="css-88a8ul"
          src="/project2/src/assets/Logo.png"
        />
      </a>
    </div>
  </header>
</DocumentFragment>
`;
