// Vitest Snapshot v1, https://vitest.dev/guide/snapshot.html

exports[`LinearProgressBar > Should match LinearProgressBar snapshot 1`] = `
<DocumentFragment>
  <span
    class=MuiLinearProgress-root MuiLinearProgress-colorPrimary MuiLinearProgress-indeterminate css-dynamic-MuiLinearProgress-root
    data-testid="linear-progress-bar"
    role="progressbar"
  >
    <span
      class=MuiLinearProgress-bar MuiLinearProgress-barColorPrimary MuiLinearProgress-bar1Indeterminate css-dynamic-MuiLinearProgress-bar1
    />
    <span
      class=MuiLinearProgress-bar MuiLinearProgress-barColorPrimary MuiLinearProgress-bar2Indeterminate css-dynamic-MuiLinearProgress-bar2
    />
  </span>
</DocumentFragment>
`;
